
> vite_react_shadcn_ts@0.0.0 test
> vitest --run src/lib/__tests__/queryKeys.test.ts

[baseline-browser-mapping] The data in this module is over two months old.  To ensure accurate Baseline data, please update: `npm i baseline-browser-mapping@latest -D`

[1m[46m RUN [49m[22m [36mv4.0.9 [39m[90mC:/Users/Alex/Downloads/delviery-fresh[39m

[31m⎯⎯⎯⎯⎯⎯[39m[1m[41m Unhandled Errors [49m[22m[31m⎯⎯⎯⎯⎯⎯[39m
[31m[1m
Vitest caught 1 unhandled error during the test run.
This might cause false positive tests. Resolve unhandled errors to make sure your tests are not affected.[22m[39m

[31m⎯⎯⎯⎯⎯⎯[39m[1m[41m Unhandled Error [49m[22m[31m⎯⎯⎯⎯⎯⎯⎯[39m
[31m[1mError[22m: [vitest-pool-runner]: Timeout waiting for worker to respond[39m
[90m [2m❯[22m Timeout.<anonymous> node_modules/vitest/dist/chunks/cli-api.D48wY175.js:[2m6798:58[22m[39m
[90m [2m❯[22m listOnTimeout node:internal/timers:[2m605:17[22m[39m
[90m [2m❯[22m processTimers node:internal/timers:[2m541:7[22m[39m

[31m⎯⎯⎯⎯⎯⎯⎯⎯⎯⎯⎯⎯⎯⎯⎯⎯⎯⎯⎯⎯⎯⎯⎯⎯⎯⎯⎯⎯⎯⎯[39m


[2m Test Files [22m [2mno tests[22m
[2m      Tests [22m [2mno tests[22m
[2m     Errors [22m [1m[31m1 error[39m[22m
[2m   Start at [22m 23:56:44
[2m   Duration [22m 1065.33s[2m (transform 0ms, setup 0ms, collect 0ms, tests 0ms, environment 0ms, prepare 0ms)[22m

close timed out after 10000ms
Tests closed successfully but something prevents Vite server from exiting
You can try to identify the cause by enabling "hanging-process" reporter. See https://vitest.dev/config/#reporters
